Archive member included to satisfy reference by file (symbol)

c:/program files (x86)/atmel/studio/7.0/toolchain/avr8/avr8-gnu-toolchain/bin/../lib/gcc/avr/5.4.0/../../../../avr/lib/avr5\libm.a(addsf3.o)
                              MCAL/TIMER/TIMER_0/TIMER0_program.o (__subsf3)
c:/program files (x86)/atmel/studio/7.0/toolchain/avr8/avr8-gnu-toolchain/bin/../lib/gcc/avr/5.4.0/../../../../avr/lib/avr5\libm.a(addsf3x.o)
                              c:/program files (x86)/atmel/studio/7.0/toolchain/avr8/avr8-gnu-toolchain/bin/../lib/gcc/avr/5.4.0/../../../../avr/lib/avr5\libm.a(addsf3.o) (__addsf3x)
c:/program files (x86)/atmel/studio/7.0/toolchain/avr8/avr8-gnu-toolchain/bin/../lib/gcc/avr/5.4.0/../../../../avr/lib/avr5\libm.a(cmpsf2.o)
                              MCAL/TIMER/TIMER_1/TMR1_program.o (__lesf2)
c:/program files (x86)/atmel/studio/7.0/toolchain/avr8/avr8-gnu-toolchain/bin/../lib/gcc/avr/5.4.0/../../../../avr/lib/avr5\libm.a(divsf3.o)
                              HAL/SERVO/SERVO_program.o (__divsf3)
c:/program files (x86)/atmel/studio/7.0/toolchain/avr8/avr8-gnu-toolchain/bin/../lib/gcc/avr/5.4.0/../../../../avr/lib/avr5\libm.a(divsf3x.o)
                              c:/program files (x86)/atmel/studio/7.0/toolchain/avr8/avr8-gnu-toolchain/bin/../lib/gcc/avr/5.4.0/../../../../avr/lib/avr5\libm.a(divsf3.o) (__divsf3x)
c:/program files (x86)/atmel/studio/7.0/toolchain/avr8/avr8-gnu-toolchain/bin/../lib/gcc/avr/5.4.0/../../../../avr/lib/avr5\libm.a(fixunssfsi.o)
                              main.o (__fixunssfsi)
c:/program files (x86)/atmel/studio/7.0/toolchain/avr8/avr8-gnu-toolchain/bin/../lib/gcc/avr/5.4.0/../../../../avr/lib/avr5\libm.a(floatsisf.o)
                              HAL/DC_MOTOR/DC_MOTOR_program.o (__floatunsisf)
c:/program files (x86)/atmel/studio/7.0/toolchain/avr8/avr8-gnu-toolchain/bin/../lib/gcc/avr/5.4.0/../../../../avr/lib/avr5\libm.a(fp_cmp.o)
                              c:/program files (x86)/atmel/studio/7.0/toolchain/avr8/avr8-gnu-toolchain/bin/../lib/gcc/avr/5.4.0/../../../../avr/lib/avr5\libm.a(cmpsf2.o) (__fp_cmp)
c:/program files (x86)/atmel/studio/7.0/toolchain/avr8/avr8-gnu-toolchain/bin/../lib/gcc/avr/5.4.0/../../../../avr/lib/avr5\libm.a(fp_inf.o)
                              c:/program files (x86)/atmel/studio/7.0/toolchain/avr8/avr8-gnu-toolchain/bin/../lib/gcc/avr/5.4.0/../../../../avr/lib/avr5\libm.a(addsf3x.o) (__fp_inf)
c:/program files (x86)/atmel/studio/7.0/toolchain/avr8/avr8-gnu-toolchain/bin/../lib/gcc/avr/5.4.0/../../../../avr/lib/avr5\libm.a(fp_nan.o)
                              c:/program files (x86)/atmel/studio/7.0/toolchain/avr8/avr8-gnu-toolchain/bin/../lib/gcc/avr/5.4.0/../../../../avr/lib/avr5\libm.a(addsf3x.o) (__fp_nan)
c:/program files (x86)/atmel/studio/7.0/toolchain/avr8/avr8-gnu-toolchain/bin/../lib/gcc/avr/5.4.0/../../../../avr/lib/avr5\libm.a(fp_pscA.o)
                              c:/program files (x86)/atmel/studio/7.0/toolchain/avr8/avr8-gnu-toolchain/bin/../lib/gcc/avr/5.4.0/../../../../avr/lib/avr5\libm.a(addsf3x.o) (__fp_pscA)
c:/program files (x86)/atmel/studio/7.0/toolchain/avr8/avr8-gnu-toolchain/bin/../lib/gcc/avr/5.4.0/../../../../avr/lib/avr5\libm.a(fp_pscB.o)
                              c:/program files (x86)/atmel/studio/7.0/toolchain/avr8/avr8-gnu-toolchain/bin/../lib/gcc/avr/5.4.0/../../../../avr/lib/avr5\libm.a(addsf3x.o) (__fp_pscB)
c:/program files (x86)/atmel/studio/7.0/toolchain/avr8/avr8-gnu-toolchain/bin/../lib/gcc/avr/5.4.0/../../../../avr/lib/avr5\libm.a(fp_round.o)
                              c:/program files (x86)/atmel/studio/7.0/toolchain/avr8/avr8-gnu-toolchain/bin/../lib/gcc/avr/5.4.0/../../../../avr/lib/avr5\libm.a(addsf3.o) (__fp_round)
c:/program files (x86)/atmel/studio/7.0/toolchain/avr8/avr8-gnu-toolchain/bin/../lib/gcc/avr/5.4.0/../../../../avr/lib/avr5\libm.a(fp_split3.o)
                              c:/program files (x86)/atmel/studio/7.0/toolchain/avr8/avr8-gnu-toolchain/bin/../lib/gcc/avr/5.4.0/../../../../avr/lib/avr5\libm.a(addsf3x.o) (__fp_split3)
c:/program files (x86)/atmel/studio/7.0/toolchain/avr8/avr8-gnu-toolchain/bin/../lib/gcc/avr/5.4.0/../../../../avr/lib/avr5\libm.a(fp_zero.o)
                              c:/program files (x86)/atmel/studio/7.0/toolchain/avr8/avr8-gnu-toolchain/bin/../lib/gcc/avr/5.4.0/../../../../avr/lib/avr5\libm.a(addsf3x.o) (__fp_zero)
c:/program files (x86)/atmel/studio/7.0/toolchain/avr8/avr8-gnu-toolchain/bin/../lib/gcc/avr/5.4.0/../../../../avr/lib/avr5\libm.a(gesf2.o)
                              main.o (__gesf2)
c:/program files (x86)/atmel/studio/7.0/toolchain/avr8/avr8-gnu-toolchain/bin/../lib/gcc/avr/5.4.0/../../../../avr/lib/avr5\libm.a(mulsf3.o)
                              MCAL/TIMER/TIMER_0/TIMER0_program.o (__mulsf3)
c:/program files (x86)/atmel/studio/7.0/toolchain/avr8/avr8-gnu-toolchain/bin/../lib/gcc/avr/5.4.0/../../../../avr/lib/avr5\libm.a(mulsf3x.o)
                              c:/program files (x86)/atmel/studio/7.0/toolchain/avr8/avr8-gnu-toolchain/bin/../lib/gcc/avr/5.4.0/../../../../avr/lib/avr5\libm.a(mulsf3.o) (__mulsf3x)
c:/program files (x86)/atmel/studio/7.0/toolchain/avr8/avr8-gnu-toolchain/bin/../lib/gcc/avr/5.4.0/avr5\libgcc.a(_udivmodsi4.o)
                              HAL/LCD/LCD_program.o (__udivmodsi4)
c:/program files (x86)/atmel/studio/7.0/toolchain/avr8/avr8-gnu-toolchain/bin/../lib/gcc/avr/5.4.0/avr5\libgcc.a(_exit.o)
                              C:/Program Files (x86)/Atmel/Studio/7.0/Packs/atmel/ATmega_DFP/1.7.374/gcc/dev/atmega32/avr5/crtatmega32.o (exit)
c:/program files (x86)/atmel/studio/7.0/toolchain/avr8/avr8-gnu-toolchain/bin/../lib/gcc/avr/5.4.0/avr5\libgcc.a(_copy_data.o)
                              main.o (__do_copy_data)
c:/program files (x86)/atmel/studio/7.0/toolchain/avr8/avr8-gnu-toolchain/bin/../lib/gcc/avr/5.4.0/avr5\libgcc.a(_clear_bss.o)
                              HAL/ULTRASONIC/ULTRASONIC_program.o (__do_clear_bss)
c:/program files (x86)/atmel/studio/7.0/toolchain/avr8/avr8-gnu-toolchain/bin/../lib/gcc/avr/5.4.0/avr5\libgcc.a(_muluhisi3.o)
                              HAL/ULTRASONIC/ULTRASONIC_program.o (__muluhisi3)
c:/program files (x86)/atmel/studio/7.0/toolchain/avr8/avr8-gnu-toolchain/bin/../lib/gcc/avr/5.4.0/avr5\libgcc.a(_umulhisi3.o)
                              c:/program files (x86)/atmel/studio/7.0/toolchain/avr8/avr8-gnu-toolchain/bin/../lib/gcc/avr/5.4.0/avr5\libgcc.a(_muluhisi3.o) (__umulhisi3)

Allocating common symbols
Common symbol       size              file

distance            0x4               HAL/ULTRASONIC/ULTRASONIC_program.o

Discarded input sections

 .data          0x00000000        0x0 C:/Program Files (x86)/Atmel/Studio/7.0/Packs/atmel/ATmega_DFP/1.7.374/gcc/dev/atmega32/avr5/crtatmega32.o
 .bss           0x00000000        0x0 C:/Program Files (x86)/Atmel/Studio/7.0/Packs/atmel/ATmega_DFP/1.7.374/gcc/dev/atmega32/avr5/crtatmega32.o
 .text          0x00000000        0x0 HAL/DC_MOTOR/DC_MOTOR_program.o
 .data          0x00000000        0x0 HAL/DC_MOTOR/DC_MOTOR_program.o
 .bss           0x00000000        0x0 HAL/DC_MOTOR/DC_MOTOR_program.o
 .text.CAR_MoveBackwardleft
                0x00000000       0x2a HAL/DC_MOTOR/DC_MOTOR_program.o
 .text.CAR_MoveBackwardRight
                0x00000000       0x2a HAL/DC_MOTOR/DC_MOTOR_program.o
 .text          0x00000000        0x0 HAL/LCD/LCD_program.o
 .data          0x00000000        0x0 HAL/LCD/LCD_program.o
 .bss           0x00000000        0x0 HAL/LCD/LCD_program.o
 .text.LCD_shift
                0x00000000       0x24 HAL/LCD/LCD_program.o
 .text          0x00000000        0x0 HAL/SERVO/SERVO_program.o
 .data          0x00000000        0x0 HAL/SERVO/SERVO_program.o
 .bss           0x00000000        0x0 HAL/SERVO/SERVO_program.o
 .text.SERVO_Off
                0x00000000        0x6 HAL/SERVO/SERVO_program.o
 .text          0x00000000        0x0 HAL/ULTRASONIC/ULTRASONIC_program.o
 .data          0x00000000        0x0 HAL/ULTRASONIC/ULTRASONIC_program.o
 .bss           0x00000000        0x0 HAL/ULTRASONIC/ULTRASONIC_program.o
 .text          0x00000000        0x0 main.o
 .data          0x00000000        0x0 main.o
 .bss           0x00000000        0x0 main.o
 .text          0x00000000        0x0 MCAL/DIO/DIO_program.o
 .data          0x00000000        0x0 MCAL/DIO/DIO_program.o
 .bss           0x00000000        0x0 MCAL/DIO/DIO_program.o
 .text.DIO_getPinValue
                0x00000000       0x6c MCAL/DIO/DIO_program.o
 .text.DIO_togglePinValue
                0x00000000       0x70 MCAL/DIO/DIO_program.o
 .text.DIO_activePinInPullUpResistance
                0x00000000       0x70 MCAL/DIO/DIO_program.o
 .text          0x00000000        0x0 MCAL/EXTI/EXTI_program.o
 .data          0x00000000        0x0 MCAL/EXTI/EXTI_program.o
 .bss           0x00000000        0x0 MCAL/EXTI/EXTI_program.o
 .text.EXTI_disable
                0x00000000       0x24 MCAL/EXTI/EXTI_program.o
 .text.EXTI_setCallBackINT0
                0x00000000        0xe MCAL/EXTI/EXTI_program.o
 .text.EXTI_setCallBackINT1
                0x00000000        0x2 MCAL/EXTI/EXTI_program.o
 .text.EXTI_setCallBackINT2
                0x00000000        0xe MCAL/EXTI/EXTI_program.o
 .text          0x00000000        0x0 MCAL/GI/GI_program.o
 .data          0x00000000        0x0 MCAL/GI/GI_program.o
 .bss           0x00000000        0x0 MCAL/GI/GI_program.o
 .text.GI_disable
                0x00000000        0x8 MCAL/GI/GI_program.o
 .text          0x00000000        0x0 MCAL/TIMER/TIMER_0/TIMER0_program.o
 .data          0x00000000        0x0 MCAL/TIMER/TIMER_0/TIMER0_program.o
 .bss           0x00000000        0x0 MCAL/TIMER/TIMER_0/TIMER0_program.o
 .text.TMR0_Stop
                0x00000000       0x14 MCAL/TIMER/TIMER_0/TIMER0_program.o
 .text.TMR0_SetDelay_ms_UsingCTC
                0x00000000        0xe MCAL/TIMER/TIMER_0/TIMER0_program.o
 .text.TMR0_SetCompareMatchValue_FastPWM_NonInverting
                0x00000000       0x2c MCAL/TIMER/TIMER_0/TIMER0_program.o
 .text.TMR0_SetCallBackOverFlow
                0x00000000        0x2 MCAL/TIMER/TIMER_0/TIMER0_program.o
 .text.TMR0_SetCallBackCTC
                0x00000000        0xe MCAL/TIMER/TIMER_0/TIMER0_program.o
 .text          0x00000000        0x0 MCAL/TIMER/TIMER_1/TMR1_program.o
 .data          0x00000000        0x0 MCAL/TIMER/TIMER_1/TMR1_program.o
 .bss           0x00000000        0x0 MCAL/TIMER/TIMER_1/TMR1_program.o
 .text.TMR1_stop
                0x00000000       0x14 MCAL/TIMER/TIMER_1/TMR1_program.o
 .text.TMR1_setCallBackOVF
                0x00000000        0xe MCAL/TIMER/TIMER_1/TMR1_program.o
 .text.TMR1_setCallBackCTC
                0x00000000        0xe MCAL/TIMER/TIMER_1/TMR1_program.o
 .text          0x00000000        0x0 MCAL/TIMER/TIMER_2/TMR2_program.o
 .data          0x00000000        0x0 MCAL/TIMER/TIMER_2/TMR2_program.o
 .bss           0x00000000        0x0 MCAL/TIMER/TIMER_2/TMR2_program.o
 .text.TMR2_Stop
                0x00000000       0x14 MCAL/TIMER/TIMER_2/TMR2_program.o
 .text.TMR2_SetDelay_ms_UsingCTC
                0x00000000        0xe MCAL/TIMER/TIMER_2/TMR2_program.o
 .text.TMR2_SetDutyCycleValue_PhaseCorrect
                0x00000000       0x30 MCAL/TIMER/TIMER_2/TMR2_program.o
 .text.TMR2_SetCallBackOverFlow
                0x00000000        0xe MCAL/TIMER/TIMER_2/TMR2_program.o
 .text.TMR2_SetCallBackCTC
                0x00000000        0xe MCAL/TIMER/TIMER_2/TMR2_program.o
 .text          0x00000000        0x0 c:/program files (x86)/atmel/studio/7.0/toolchain/avr8/avr8-gnu-toolchain/bin/../lib/gcc/avr/5.4.0/../../../../avr/lib/avr5\libm.a(addsf3.o)
 .data          0x00000000        0x0 c:/program files (x86)/atmel/studio/7.0/toolchain/avr8/avr8-gnu-toolchain/bin/../lib/gcc/avr/5.4.0/../../../../avr/lib/avr5\libm.a(addsf3.o)
 .bss           0x00000000        0x0 c:/program files (x86)/atmel/studio/7.0/toolchain/avr8/avr8-gnu-toolchain/bin/../lib/gcc/avr/5.4.0/../../../../avr/lib/avr5\libm.a(addsf3.o)
 .text          0x00000000        0x0 c:/program files (x86)/atmel/studio/7.0/toolchain/avr8/avr8-gnu-toolchain/bin/../lib/gcc/avr/5.4.0/../../../../avr/lib/avr5\libm.a(addsf3x.o)
 .data          0x00000000        0x0 c:/program files (x86)/atmel/studio/7.0/toolchain/avr8/avr8-gnu-toolchain/bin/../lib/gcc/avr/5.4.0/../../../../avr/lib/avr5\libm.a(addsf3x.o)
 .bss           0x00000000        0x0 c:/program files (x86)/atmel/studio/7.0/toolchain/avr8/avr8-gnu-toolchain/bin/../lib/gcc/avr/5.4.0/../../../../avr/lib/avr5\libm.a(addsf3x.o)
 .text          0x00000000        0x0 c:/program files (x86)/atmel/studio/7.0/toolchain/avr8/avr8-gnu-toolchain/bin/../lib/gcc/avr/5.4.0/../../../../avr/lib/avr5\libm.a(cmpsf2.o)
 .data          0x00000000        0x0 c:/program files (x86)/atmel/studio/7.0/toolchain/avr8/avr8-gnu-toolchain/bin/../lib/gcc/avr/5.4.0/../../../../avr/lib/avr5\libm.a(cmpsf2.o)
 .bss           0x00000000        0x0 c:/program files (x86)/atmel/studio/7.0/toolchain/avr8/avr8-gnu-toolchain/bin/../lib/gcc/avr/5.4.0/../../../../avr/lib/avr5\libm.a(cmpsf2.o)
 .text          0x00000000        0x0 c:/program files (x86)/atmel/studio/7.0/toolchain/avr8/avr8-gnu-toolchain/bin/../lib/gcc/avr/5.4.0/../../../../avr/lib/avr5\libm.a(divsf3.o)
 .data          0x00000000        0x0 c:/program files (x86)/atmel/studio/7.0/toolchain/avr8/avr8-gnu-toolchain/bin/../lib/gcc/avr/5.4.0/../../../../avr/lib/avr5\libm.a(divsf3.o)
 .bss           0x00000000        0x0 c:/program files (x86)/atmel/studio/7.0/toolchain/avr8/avr8-gnu-toolchain/bin/../lib/gcc/avr/5.4.0/../../../../avr/lib/avr5\libm.a(divsf3.o)
 .text          0x00000000        0x0 c:/program files (x86)/atmel/studio/7.0/toolchain/avr8/avr8-gnu-toolchain/bin/../lib/gcc/avr/5.4.0/../../../../avr/lib/avr5\libm.a(divsf3x.o)
 .data          0x00000000        0x0 c:/program files (x86)/atmel/studio/7.0/toolchain/avr8/avr8-gnu-toolchain/bin/../lib/gcc/avr/5.4.0/../../../../avr/lib/avr5\libm.a(divsf3x.o)
 .bss           0x00000000        0x0 c:/program files (x86)/atmel/studio/7.0/toolchain/avr8/avr8-gnu-toolchain/bin/../lib/gcc/avr/5.4.0/../../../../avr/lib/avr5\libm.a(divsf3x.o)
 .text          0x00000000        0x0 c:/program files (x86)/atmel/studio/7.0/toolchain/avr8/avr8-gnu-toolchain/bin/../lib/gcc/avr/5.4.0/../../../../avr/lib/avr5\libm.a(fixunssfsi.o)
 .data          0x00000000        0x0 c:/program files (x86)/atmel/studio/7.0/toolchain/avr8/avr8-gnu-toolchain/bin/../lib/gcc/avr/5.4.0/../../../../avr/lib/avr5\libm.a(fixunssfsi.o)
 .bss           0x00000000        0x0 c:/program files (x86)/atmel/studio/7.0/toolchain/avr8/avr8-gnu-toolchain/bin/../lib/gcc/avr/5.4.0/../../../../avr/lib/avr5\libm.a(fixunssfsi.o)
 .text          0x00000000        0x0 c:/program files (x86)/atmel/studio/7.0/toolchain/avr8/avr8-gnu-toolchain/bin/../lib/gcc/avr/5.4.0/../../../../avr/lib/avr5\libm.a(floatsisf.o)
 .data          0x00000000        0x0 c:/program files (x86)/atmel/studio/7.0/toolchain/avr8/avr8-gnu-toolchain/bin/../lib/gcc/avr/5.4.0/../../../../avr/lib/avr5\libm.a(floatsisf.o)
 .bss           0x00000000        0x0 c:/program files (x86)/atmel/studio/7.0/toolchain/avr8/avr8-gnu-toolchain/bin/../lib/gcc/avr/5.4.0/../../../../avr/lib/avr5\libm.a(floatsisf.o)
 .text          0x00000000        0x0 c:/program files (x86)/atmel/studio/7.0/toolchain/avr8/avr8-gnu-toolchain/bin/../lib/gcc/avr/5.4.0/../../../../avr/lib/avr5\libm.a(fp_cmp.o)
 .data          0x00000000        0x0 c:/program files (x86)/atmel/studio/7.0/toolchain/avr8/avr8-gnu-toolchain/bin/../lib/gcc/avr/5.4.0/../../../../avr/lib/avr5\libm.a(fp_cmp.o)
 .bss           0x00000000        0x0 c:/program files (x86)/atmel/studio/7.0/toolchain/avr8/avr8-gnu-toolchain/bin/../lib/gcc/avr/5.4.0/../../../../avr/lib/avr5\libm.a(fp_cmp.o)
 .text          0x00000000        0x0 c:/program files (x86)/atmel/studio/7.0/toolchain/avr8/avr8-gnu-toolchain/bin/../lib/gcc/avr/5.4.0/../../../../avr/lib/avr5\libm.a(fp_inf.o)
 .data          0x00000000        0x0 c:/program files (x86)/atmel/studio/7.0/toolchain/avr8/avr8-gnu-toolchain/bin/../lib/gcc/avr/5.4.0/../../../../avr/lib/avr5\libm.a(fp_inf.o)
 .bss           0x00000000        0x0 c:/program files (x86)/atmel/studio/7.0/toolchain/avr8/avr8-gnu-toolchain/bin/../lib/gcc/avr/5.4.0/../../../../avr/lib/avr5\libm.a(fp_inf.o)
 .text          0x00000000        0x0 c:/program files (x86)/atmel/studio/7.0/toolchain/avr8/avr8-gnu-toolchain/bin/../lib/gcc/avr/5.4.0/../../../../avr/lib/avr5\libm.a(fp_nan.o)
 .data          0x00000000        0x0 c:/program files (x86)/atmel/studio/7.0/toolchain/avr8/avr8-gnu-toolchain/bin/../lib/gcc/avr/5.4.0/../../../../avr/lib/avr5\libm.a(fp_nan.o)
 .bss           0x00000000        0x0 c:/program files (x86)/atmel/studio/7.0/toolchain/avr8/avr8-gnu-toolchain/bin/../lib/gcc/avr/5.4.0/../../../../avr/lib/avr5\libm.a(fp_nan.o)
 .text          0x00000000        0x0 c:/program files (x86)/atmel/studio/7.0/toolchain/avr8/avr8-gnu-toolchain/bin/../lib/gcc/avr/5.4.0/../../../../avr/lib/avr5\libm.a(fp_pscA.o)
 .data          0x00000000        0x0 c:/program files (x86)/atmel/studio/7.0/toolchain/avr8/avr8-gnu-toolchain/bin/../lib/gcc/avr/5.4.0/../../../../avr/lib/avr5\libm.a(fp_pscA.o)
 .bss           0x00000000        0x0 c:/program files (x86)/atmel/studio/7.0/toolchain/avr8/avr8-gnu-toolchain/bin/../lib/gcc/avr/5.4.0/../../../../avr/lib/avr5\libm.a(fp_pscA.o)
 .text          0x00000000        0x0 c:/program files (x86)/atmel/studio/7.0/toolchain/avr8/avr8-gnu-toolchain/bin/../lib/gcc/avr/5.4.0/../../../../avr/lib/avr5\libm.a(fp_pscB.o)
 .data          0x00000000        0x0 c:/program files (x86)/atmel/studio/7.0/toolchain/avr8/avr8-gnu-toolchain/bin/../lib/gcc/avr/5.4.0/../../../../avr/lib/avr5\libm.a(fp_pscB.o)
 .bss           0x00000000        0x0 c:/program files (x86)/atmel/studio/7.0/toolchain/avr8/avr8-gnu-toolchain/bin/../lib/gcc/avr/5.4.0/../../../../avr/lib/avr5\libm.a(fp_pscB.o)
 .text          0x00000000        0x0 c:/program files (x86)/atmel/studio/7.0/toolchain/avr8/avr8-gnu-toolchain/bin/../lib/gcc/avr/5.4.0/../../../../avr/lib/avr5\libm.a(fp_round.o)
 .data          0x00000000        0x0 c:/program files (x86)/atmel/studio/7.0/toolchain/avr8/avr8-gnu-toolchain/bin/../lib/gcc/avr/5.4.0/../../../../avr/lib/avr5\libm.a(fp_round.o)
 .bss           0x00000000        0x0 c:/program files (x86)/atmel/studio/7.0/toolchain/avr8/avr8-gnu-toolchain/bin/../lib/gcc/avr/5.4.0/../../../../avr/lib/avr5\libm.a(fp_round.o)
 .text          0x00000000        0x0 c:/program files (x86)/atmel/studio/7.0/toolchain/avr8/avr8-gnu-toolchain/bin/../lib/gcc/avr/5.4.0/../../../../avr/lib/avr5\libm.a(fp_split3.o)
 .data          0x00000000        0x0 c:/program files (x86)/atmel/studio/7.0/toolchain/avr8/avr8-gnu-toolchain/bin/../lib/gcc/avr/5.4.0/../../../../avr/lib/avr5\libm.a(fp_split3.o)
 .bss           0x00000000        0x0 c:/program files (x86)/atmel/studio/7.0/toolchain/avr8/avr8-gnu-toolchain/bin/../lib/gcc/avr/5.4.0/../../../../avr/lib/avr5\libm.a(fp_split3.o)
 .text          0x00000000        0x0 c:/program files (x86)/atmel/studio/7.0/toolchain/avr8/avr8-gnu-toolchain/bin/../lib/gcc/avr/5.4.0/../../../../avr/lib/avr5\libm.a(fp_zero.o)
 .data          0x00000000        0x0 c:/program files (x86)/atmel/studio/7.0/toolchain/avr8/avr8-gnu-toolchain/bin/../lib/gcc/avr/5.4.0/../../../../avr/lib/avr5\libm.a(fp_zero.o)
 .bss           0x00000000        0x0 c:/program files (x86)/atmel/studio/7.0/toolchain/avr8/avr8-gnu-toolchain/bin/../lib/gcc/avr/5.4.0/../../../../avr/lib/avr5\libm.a(fp_zero.o)
 .text          0x00000000        0x0 c:/program files (x86)/atmel/studio/7.0/toolchain/avr8/avr8-gnu-toolchain/bin/../lib/gcc/avr/5.4.0/../../../../avr/lib/avr5\libm.a(gesf2.o)
 .data          0x00000000        0x0 c:/program files (x86)/atmel/studio/7.0/toolchain/avr8/avr8-gnu-toolchain/bin/../lib/gcc/avr/5.4.0/../../../../avr/lib/avr5\libm.a(gesf2.o)
 .bss           0x00000000        0x0 c:/program files (x86)/atmel/studio/7.0/toolchain/avr8/avr8-gnu-toolchain/bin/../lib/gcc/avr/5.4.0/../../../../avr/lib/avr5\libm.a(gesf2.o)
 .text          0x00000000        0x0 c:/program files (x86)/atmel/studio/7.0/toolchain/avr8/avr8-gnu-toolchain/bin/../lib/gcc/avr/5.4.0/../../../../avr/lib/avr5\libm.a(mulsf3.o)
 .data          0x00000000        0x0 c:/program files (x86)/atmel/studio/7.0/toolchain/avr8/avr8-gnu-toolchain/bin/../lib/gcc/avr/5.4.0/../../../../avr/lib/avr5\libm.a(mulsf3.o)
 .bss           0x00000000        0x0 c:/program files (x86)/atmel/studio/7.0/toolchain/avr8/avr8-gnu-toolchain/bin/../lib/gcc/avr/5.4.0/../../../../avr/lib/avr5\libm.a(mulsf3.o)
 .text          0x00000000        0x0 c:/program files (x86)/atmel/studio/7.0/toolchain/avr8/avr8-gnu-toolchain/bin/../lib/gcc/avr/5.4.0/../../../../avr/lib/avr5\libm.a(mulsf3x.o)
 .data          0x00000000        0x0 c:/program files (x86)/atmel/studio/7.0/toolchain/avr8/avr8-gnu-toolchain/bin/../lib/gcc/avr/5.4.0/../../../../avr/lib/avr5\libm.a(mulsf3x.o)
 .bss           0x00000000        0x0 c:/program files (x86)/atmel/studio/7.0/toolchain/avr8/avr8-gnu-toolchain/bin/../lib/gcc/avr/5.4.0/../../../../avr/lib/avr5\libm.a(mulsf3x.o)
 .text          0x00000000        0x0 c:/program files (x86)/atmel/studio/7.0/toolchain/avr8/avr8-gnu-toolchain/bin/../lib/gcc/avr/5.4.0/avr5\libgcc.a(_udivmodsi4.o)
 .data          0x00000000        0x0 c:/program files (x86)/atmel/studio/7.0/toolchain/avr8/avr8-gnu-toolchain/bin/../lib/gcc/avr/5.4.0/avr5\libgcc.a(_udivmodsi4.o)
 .bss           0x00000000        0x0 c:/program files (x86)/atmel/studio/7.0/toolchain/avr8/avr8-gnu-toolchain/bin/../lib/gcc/avr/5.4.0/avr5\libgcc.a(_udivmodsi4.o)
 .text.libgcc.mul
                0x00000000        0x0 c:/program files (x86)/atmel/studio/7.0/toolchain/avr8/avr8-gnu-toolchain/bin/../lib/gcc/avr/5.4.0/avr5\libgcc.a(_udivmodsi4.o)
 .text.libgcc   0x00000000        0x0 c:/program files (x86)/atmel/studio/7.0/toolchain/avr8/avr8-gnu-toolchain/bin/../lib/gcc/avr/5.4.0/avr5\libgcc.a(_udivmodsi4.o)
 .text.libgcc.prologue
                0x00000000        0x0 c:/program files (x86)/atmel/studio/7.0/toolchain/avr8/avr8-gnu-toolchain/bin/../lib/gcc/avr/5.4.0/avr5\libgcc.a(_udivmodsi4.o)
 .text.libgcc.builtins
                0x00000000        0x0 c:/program files (x86)/atmel/studio/7.0/toolchain/avr8/avr8-gnu-toolchain/bin/../lib/gcc/avr/5.4.0/avr5\libgcc.a(_udivmodsi4.o)
 .text.libgcc.fmul
                0x00000000        0x0 c:/program files (x86)/atmel/studio/7.0/toolchain/avr8/avr8-gnu-toolchain/bin/../lib/gcc/avr/5.4.0/avr5\libgcc.a(_udivmodsi4.o)
 .text.libgcc.fixed
                0x00000000        0x0 c:/program files (x86)/atmel/studio/7.0/toolchain/avr8/avr8-gnu-toolchain/bin/../lib/gcc/avr/5.4.0/avr5\libgcc.a(_udivmodsi4.o)
 .text          0x00000000        0x0 c:/program files (x86)/atmel/studio/7.0/toolchain/avr8/avr8-gnu-toolchain/bin/../lib/gcc/avr/5.4.0/avr5\libgcc.a(_exit.o)
 .data          0x00000000        0x0 c:/program files (x86)/atmel/studio/7.0/toolchain/avr8/avr8-gnu-toolchain/bin/../lib/gcc/avr/5.4.0/avr5\libgcc.a(_exit.o)
 .bss           0x00000000        0x0 c:/program files (x86)/atmel/studio/7.0/toolchain/avr8/avr8-gnu-toolchain/bin/../lib/gcc/avr/5.4.0/avr5\libgcc.a(_exit.o)
 .text.libgcc.mul
                0x00000000        0x0 c:/program files (x86)/atmel/studio/7.0/toolchain/avr8/avr8-gnu-toolchain/bin/../lib/gcc/avr/5.4.0/avr5\libgcc.a(_exit.o)
 .text.libgcc.div
                0x00000000        0x0 c:/program files (x86)/atmel/studio/7.0/toolchain/avr8/avr8-gnu-toolchain/bin/../lib/gcc/avr/5.4.0/avr5\libgcc.a(_exit.o)
 .text.libgcc   0x00000000        0x0 c:/program files (x86)/atmel/studio/7.0/toolchain/avr8/avr8-gnu-toolchain/bin/../lib/gcc/avr/5.4.0/avr5\libgcc.a(_exit.o)
 .text.libgcc.prologue
                0x00000000        0x0 c:/program files (x86)/atmel/studio/7.0/toolchain/avr8/avr8-gnu-toolchain/bin/../lib/gcc/avr/5.4.0/avr5\libgcc.a(_exit.o)
 .text.libgcc.builtins
                0x00000000        0x0 c:/program files (x86)/atmel/studio/7.0/toolchain/avr8/avr8-gnu-toolchain/bin/../lib/gcc/avr/5.4.0/avr5\libgcc.a(_exit.o)
 .text.libgcc.fmul
                0x00000000        0x0 c:/program files (x86)/atmel/studio/7.0/toolchain/avr8/avr8-gnu-toolchain/bin/../lib/gcc/avr/5.4.0/avr5\libgcc.a(_exit.o)
 .text.libgcc.fixed
                0x00000000        0x0 c:/program files (x86)/atmel/studio/7.0/toolchain/avr8/avr8-gnu-toolchain/bin/../lib/gcc/avr/5.4.0/avr5\libgcc.a(_exit.o)
 .text          0x00000000        0x0 c:/program files (x86)/atmel/studio/7.0/toolchain/avr8/avr8-gnu-toolchain/bin/../lib/gcc/avr/5.4.0/avr5\libgcc.a(_copy_data.o)
 .data          0x00000000        0x0 c:/program files (x86)/atmel/studio/7.0/toolchain/avr8/avr8-gnu-toolchain/bin/../lib/gcc/avr/5.4.0/avr5\libgcc.a(_copy_data.o)
 .bss           0x00000000        0x0 c:/program files (x86)/atmel/studio/7.0/toolchain/avr8/avr8-gnu-toolchain/bin/../lib/gcc/avr/5.4.0/avr5\libgcc.a(_copy_data.o)
 .text.libgcc.mul
                0x00000000        0x0 c:/program files (x86)/atmel/studio/7.0/toolchain/avr8/avr8-gnu-toolchain/bin/../lib/gcc/avr/5.4.0/avr5\libgcc.a(_copy_data.o)
 .text.libgcc.div
                0x00000000        0x0 c:/program files (x86)/atmel/studio/7.0/toolchain/avr8/avr8-gnu-toolchain/bin/../lib/gcc/avr/5.4.0/avr5\libgcc.a(_copy_data.o)
 .text.libgcc   0x00000000        0x0 c:/program files (x86)/atmel/studio/7.0/toolchain/avr8/avr8-gnu-toolchain/bin/../lib/gcc/avr/5.4.0/avr5\libgcc.a(_copy_data.o)
 .text.libgcc.prologue
                0x00000000        0x0 c:/program files (x86)/atmel/studio/7.0/toolchain/avr8/avr8-gnu-toolchain/bin/../lib/gcc/avr/5.4.0/avr5\libgcc.a(_copy_data.o)
 .text.libgcc.builtins
                0x00000000        0x0 c:/program files (x86)/atmel/studio/7.0/toolchain/avr8/avr8-gnu-toolchain/bin/../lib/gcc/avr/5.4.0/avr5\libgcc.a(_copy_data.o)
 .text.libgcc.fmul
                0x00000000        0x0 c:/program files (x86)/atmel/studio/7.0/toolchain/avr8/avr8-gnu-toolchain/bin/../lib/gcc/avr/5.4.0/avr5\libgcc.a(_copy_data.o)
 .text.libgcc.fixed
                0x00000000        0x0 c:/program files (x86)/atmel/studio/7.0/toolchain/avr8/avr8-gnu-toolchain/bin/../lib/gcc/avr/5.4.0/avr5\libgcc.a(_copy_data.o)
 .text          0x00000000        0x0 c:/program files (x86)/atmel/studio/7.0/toolchain/avr8/avr8-gnu-toolchain/bin/../lib/gcc/avr/5.4.0/avr5\libgcc.a(_clear_bss.o)
 .data          0x00000000        0x0 c:/program files (x86)/atmel/studio/7.0/toolchain/avr8/avr8-gnu-toolchain/bin/../lib/gcc/avr/5.4.0/avr5\libgcc.a(_clear_bss.o)
 .bss           0x00000000        0x0 c:/program files (x86)/atmel/studio/7.0/toolchain/avr8/avr8-gnu-toolchain/bin/../lib/gcc/avr/5.4.0/avr5\libgcc.a(_clear_bss.o)
 .text.libgcc.mul
                0x00000000        0x0 c:/program files (x86)/atmel/studio/7.0/toolchain/avr8/avr8-gnu-toolchain/bin/../lib/gcc/avr/5.4.0/avr5\libgcc.a(_clear_bss.o)
 .text.libgcc.div
                0x00000000        0x0 c:/program files (x86)/atmel/studio/7.0/toolchain/avr8/avr8-gnu-toolchain/bin/../lib/gcc/avr/5.4.0/avr5\libgcc.a(_clear_bss.o)
 .text.libgcc   0x00000000        0x0 c:/program files (x86)/atmel/studio/7.0/toolchain/avr8/avr8-gnu-toolchain/bin/../lib/gcc/avr/5.4.0/avr5\libgcc.a(_clear_bss.o)
 .text.libgcc.prologue
                0x00000000        0x0 c:/program files (x86)/atmel/studio/7.0/toolchain/avr8/avr8-gnu-toolchain/bin/../lib/gcc/avr/5.4.0/avr5\libgcc.a(_clear_bss.o)
 .text.libgcc.builtins
                0x00000000        0x0 c:/program files (x86)/atmel/studio/7.0/toolchain/avr8/avr8-gnu-toolchain/bin/../lib/gcc/avr/5.4.0/avr5\libgcc.a(_clear_bss.o)
 .text.libgcc.fmul
                0x00000000        0x0 c:/program files (x86)/atmel/studio/7.0/toolchain/avr8/avr8-gnu-toolchain/bin/../lib/gcc/avr/5.4.0/avr5\libgcc.a(_clear_bss.o)
 .text.libgcc.fixed
                0x00000000        0x0 c:/program files (x86)/atmel/studio/7.0/toolchain/avr8/avr8-gnu-toolchain/bin/../lib/gcc/avr/5.4.0/avr5\libgcc.a(_clear_bss.o)
 .text          0x00000000        0x0 c:/program files (x86)/atmel/studio/7.0/toolchain/avr8/avr8-gnu-toolchain/bin/../lib/gcc/avr/5.4.0/avr5\libgcc.a(_muluhisi3.o)
 .data          0x00000000        0x0 c:/program files (x86)/atmel/studio/7.0/toolchain/avr8/avr8-gnu-toolchain/bin/../lib/gcc/avr/5.4.0/avr5\libgcc.a(_muluhisi3.o)
 .bss           0x00000000        0x0 c:/program files (x86)/atmel/studio/7.0/toolchain/avr8/avr8-gnu-toolchain/bin/../lib/gcc/avr/5.4.0/avr5\libgcc.a(_muluhisi3.o)
 .text.libgcc.div
                0x00000000        0x0 c:/program files (x86)/atmel/studio/7.0/toolchain/avr8/avr8-gnu-toolchain/bin/../lib/gcc/avr/5.4.0/avr5\libgcc.a(_muluhisi3.o)
 .text.libgcc   0x00000000        0x0 c:/program files (x86)/atmel/studio/7.0/toolchain/avr8/avr8-gnu-toolchain/bin/../lib/gcc/avr/5.4.0/avr5\libgcc.a(_muluhisi3.o)
 .text.libgcc.prologue
                0x00000000        0x0 c:/program files (x86)/atmel/studio/7.0/toolchain/avr8/avr8-gnu-toolchain/bin/../lib/gcc/avr/5.4.0/avr5\libgcc.a(_muluhisi3.o)
 .text.libgcc.builtins
                0x00000000        0x0 c:/program files (x86)/atmel/studio/7.0/toolchain/avr8/avr8-gnu-toolchain/bin/../lib/gcc/avr/5.4.0/avr5\libgcc.a(_muluhisi3.o)
 .text.libgcc.fmul
                0x00000000        0x0 c:/program files (x86)/atmel/studio/7.0/toolchain/avr8/avr8-gnu-toolchain/bin/../lib/gcc/avr/5.4.0/avr5\libgcc.a(_muluhisi3.o)
 .text.libgcc.fixed
                0x00000000        0x0 c:/program files (x86)/atmel/studio/7.0/toolchain/avr8/avr8-gnu-toolchain/bin/../lib/gcc/avr/5.4.0/avr5\libgcc.a(_muluhisi3.o)
 .text          0x00000000        0x0 c:/program files (x86)/atmel/studio/7.0/toolchain/avr8/avr8-gnu-toolchain/bin/../lib/gcc/avr/5.4.0/avr5\libgcc.a(_umulhisi3.o)
 .data          0x00000000        0x0 c:/program files (x86)/atmel/studio/7.0/toolchain/avr8/avr8-gnu-toolchain/bin/../lib/gcc/avr/5.4.0/avr5\libgcc.a(_umulhisi3.o)
 .bss           0x00000000        0x0 c:/program files (x86)/atmel/studio/7.0/toolchain/avr8/avr8-gnu-toolchain/bin/../lib/gcc/avr/5.4.0/avr5\libgcc.a(_umulhisi3.o)
 .text.libgcc.div
                0x00000000        0x0 c:/program files (x86)/atmel/studio/7.0/toolchain/avr8/avr8-gnu-toolchain/bin/../lib/gcc/avr/5.4.0/avr5\libgcc.a(_umulhisi3.o)
 .text.libgcc   0x00000000        0x0 c:/program files (x86)/atmel/studio/7.0/toolchain/avr8/avr8-gnu-toolchain/bin/../lib/gcc/avr/5.4.0/avr5\libgcc.a(_umulhisi3.o)
 .text.libgcc.prologue
                0x00000000        0x0 c:/program files (x86)/atmel/studio/7.0/toolchain/avr8/avr8-gnu-toolchain/bin/../lib/gcc/avr/5.4.0/avr5\libgcc.a(_umulhisi3.o)
 .text.libgcc.builtins
                0x00000000        0x0 c:/program files (x86)/atmel/studio/7.0/toolchain/avr8/avr8-gnu-toolchain/bin/../lib/gcc/avr/5.4.0/avr5\libgcc.a(_umulhisi3.o)
 .text.libgcc.fmul
                0x00000000        0x0 c:/program files (x86)/atmel/studio/7.0/toolchain/avr8/avr8-gnu-toolchain/bin/../lib/gcc/avr/5.4.0/avr5\libgcc.a(_umulhisi3.o)
 .text.libgcc.fixed
                0x00000000        0x0 c:/program files (x86)/atmel/studio/7.0/toolchain/avr8/avr8-gnu-toolchain/bin/../lib/gcc/avr/5.4.0/avr5\libgcc.a(_umulhisi3.o)

Memory Configuration

Name             Origin             Length             Attributes
text             0x00000000         0x00008000         xr
data             0x00800060         0x00000800         rw !x
eeprom           0x00810000         0x00000400         rw !x
fuse             0x00820000         0x00000002         rw !x
lock             0x00830000         0x00000400         rw !x
signature        0x00840000         0x00000400         rw !x
user_signatures  0x00850000         0x00000400         rw !x
*default*        0x00000000         0xffffffff

Linker script and memory map

LOAD C:/Program Files (x86)/Atmel/Studio/7.0/Packs/atmel/ATmega_DFP/1.7.374/gcc/dev/atmega32/avr5/crtatmega32.o
LOAD HAL/DC_MOTOR/DC_MOTOR_program.o
LOAD HAL/LCD/LCD_program.o
LOAD HAL/SERVO/SERVO_program.o
LOAD HAL/ULTRASONIC/ULTRASONIC_program.o
LOAD main.o
LOAD MCAL/DIO/DIO_program.o
LOAD MCAL/EXTI/EXTI_program.o
LOAD MCAL/GI/GI_program.o
LOAD MCAL/TIMER/TIMER_0/TIMER0_program.o
LOAD MCAL/TIMER/TIMER_1/TMR1_program.o
LOAD MCAL/TIMER/TIMER_2/TMR2_program.o
START GROUP
LOAD c:/program files (x86)/atmel/studio/7.0/toolchain/avr8/avr8-gnu-toolchain/bin/../lib/gcc/avr/5.4.0/../../../../avr/lib/avr5\libm.a
END GROUP
START GROUP
LOAD c:/program files (x86)/atmel/studio/7.0/toolchain/avr8/avr8-gnu-toolchain/bin/../lib/gcc/avr/5.4.0/avr5\libgcc.a
LOAD c:/program files (x86)/atmel/studio/7.0/toolchain/avr8/avr8-gnu-toolchain/bin/../lib/gcc/avr/5.4.0/../../../../avr/lib/avr5\libm.a
LOAD c:/program files (x86)/atmel/studio/7.0/toolchain/avr8/avr8-gnu-toolchain/bin/../lib/gcc/avr/5.4.0/../../../../avr/lib/avr5\libc.a
LOAD C:/Program Files (x86)/Atmel/Studio/7.0/Packs/atmel/ATmega_DFP/1.7.374/gcc/dev/atmega32/avr5\libatmega32.a
END GROUP
                0x00000000                __TEXT_REGION_ORIGIN__ = DEFINED (__TEXT_REGION_ORIGIN__)?__TEXT_REGION_ORIGIN__:0x0
                [0x00800060]                __DATA_REGION_ORIGIN__ = DEFINED (__DATA_REGION_ORIGIN__)?__DATA_REGION_ORIGIN__:0x800060
                [0x00008000]                __TEXT_REGION_LENGTH__ = DEFINED (__TEXT_REGION_LENGTH__)?__TEXT_REGION_LENGTH__:0x20000
                [0x00000800]                __DATA_REGION_LENGTH__ = DEFINED (__DATA_REGION_LENGTH__)?__DATA_REGION_LENGTH__:0xffa0
                [0x00000400]                __EEPROM_REGION_LENGTH__ = DEFINED (__EEPROM_REGION_LENGTH__)?__EEPROM_REGION_LENGTH__:0x10000
                [0x00000002]                __FUSE_REGION_LENGTH__ = DEFINED (__FUSE_REGION_LENGTH__)?__FUSE_REGION_LENGTH__:0x400
                0x00000400                __LOCK_REGION_LENGTH__ = DEFINED (__LOCK_REGION_LENGTH__)?__LOCK_REGION_LENGTH__:0x400
                0x00000400                __SIGNATURE_REGION_LENGTH__ = DEFINED (__SIGNATURE_REGION_LENGTH__)?__SIGNATURE_REGION_LENGTH__:0x400
                0x00000400                __USER_SIGNATURE_REGION_LENGTH__ = DEFINED (__USER_SIGNATURE_REGION_LENGTH__)?__USER_SIGNATURE_REGION_LENGTH__:0x400

.hash
 *(.hash)

.dynsym
 *(.dynsym)

.dynstr
 *(.dynstr)

.gnu.version
 *(.gnu.version)

.gnu.version_d
 *(.gnu.version_d)

.gnu.version_r
 *(.gnu.version_r)

.rel.init
 *(.rel.init)

.rela.init
 *(.rela.init)

.rel.text
 *(.rel.text)
 *(.rel.text.*)
 *(.rel.gnu.linkonce.t*)

.rela.text
 *(.rela.text)
 *(.rela.text.*)
 *(.rela.gnu.linkonce.t*)

.rel.fini
 *(.rel.fini)

.rela.fini
 *(.rela.fini)

.rel.rodata
 *(.rel.rodata)
 *(.rel.rodata.*)
 *(.rel.gnu.linkonce.r*)

.rela.rodata
 *(.rela.rodata)
 *(.rela.rodata.*)
 *(.rela.gnu.linkonce.r*)

.rel.data
 *(.rel.data)
 *(.rel.data.*)
 *(.rel.gnu.linkonce.d*)

.rela.data
 *(.rela.data)
 *(.rela.data.*)
 *(.rela.gnu.linkonce.d*)

.rel.ctors
 *(.rel.ctors)

.rela.ctors
 *(.rela.ctors)

.rel.dtors
 *(.rel.dtors)

.rela.dtors
 *(.rela.dtors)

.rel.got
 *(.rel.got)

.rela.got
 *(.rela.got)

.rel.bss
 *(.rel.bss)

.rela.bss
 *(.rela.bss)

.rel.plt
 *(.rel.plt)

.rela.plt
 *(.rela.plt)

.text           0x00000000     0x1560
 *(.vectors)
 .vectors       0x00000000       0x54 C:/Program Files (x86)/Atmel/Studio/7.0/Packs/atmel/ATmega_DFP/1.7.374/gcc/dev/atmega32/avr5/crtatmega32.o
                0x00000000                __vector_default
                0x00000000                __vectors
 *(.vectors)
 *(.progmem.gcc*)
                0x00000054                . = ALIGN (0x2)
                0x00000054                __trampolines_start = .
 *(.trampolines)
 .trampolines   0x00000054        0x0 linker stubs
 *(.trampolines*)
                0x00000054                __trampolines_end = .
 *libprintf_flt.a:*(.progmem.data)
 *libc.a:*(.progmem.data)
 *(.progmem*)
                0x00000054                . = ALIGN (0x2)
 *(.jumptables)
 *(.jumptables*)
 *(.lowtext)
 *(.lowtext*)
                0x00000054                __ctors_start = .
 *(.ctors)
                0x00000054                __ctors_end = .
                0x00000054                __dtors_start = .
 *(.dtors)
                0x00000054                __dtors_end = .
 SORT(*)(.ctors)
 SORT(*)(.dtors)
 *(.init0)
 .init0         0x00000054        0x0 C:/Program Files (x86)/Atmel/Studio/7.0/Packs/atmel/ATmega_DFP/1.7.374/gcc/dev/atmega32/avr5/crtatmega32.o
                0x00000054                __init
 *(.init0)
 *(.init1)
 *(.init1)
 *(.init2)
 .init2         0x00000054        0xc C:/Program Files (x86)/Atmel/Studio/7.0/Packs/atmel/ATmega_DFP/1.7.374/gcc/dev/atmega32/avr5/crtatmega32.o
 *(.init2)
 *(.init3)
 *(.init3)
 *(.init4)
 .init4         0x00000060       0x16 c:/program files (x86)/atmel/studio/7.0/toolchain/avr8/avr8-gnu-toolchain/bin/../lib/gcc/avr/5.4.0/avr5\libgcc.a(_copy_data.o)
                0x00000060                __do_copy_data
 .init4         0x00000076       0x10 c:/program files (x86)/atmel/studio/7.0/toolchain/avr8/avr8-gnu-toolchain/bin/../lib/gcc/avr/5.4.0/avr5\libgcc.a(_clear_bss.o)
                0x00000076                __do_clear_bss
 *(.init4)
 *(.init5)
 *(.init5)
 *(.init6)
 *(.init6)
 *(.init7)
 *(.init7)
 *(.init8)
 *(.init8)
 *(.init9)
 .init9         0x00000086        0x8 C:/Program Files (x86)/Atmel/Studio/7.0/Packs/atmel/ATmega_DFP/1.7.374/gcc/dev/atmega32/avr5/crtatmega32.o
 *(.init9)
 *(.text)
 .text          0x0000008e        0x4 C:/Program Files (x86)/Atmel/Studio/7.0/Packs/atmel/ATmega_DFP/1.7.374/gcc/dev/atmega32/avr5/crtatmega32.o
                0x0000008e                __vector_12
                0x0000008e                __bad_interrupt
                0x0000008e                __vector_6
                0x0000008e                __vector_13
                0x0000008e                __vector_17
                0x0000008e                __vector_19
                0x0000008e                __vector_15
                0x0000008e                __vector_8
                0x0000008e                __vector_14
                0x0000008e                __vector_16
                0x0000008e                __vector_18
                0x0000008e                __vector_20
                0x00000092                . = ALIGN (0x2)
 *(.text.*)
 .text.MOTORS_Init
                0x00000092       0x52 HAL/DC_MOTOR/DC_MOTOR_program.o
                0x00000092                MOTORS_Init
 .text.CAR_MoveForward
                0x000000e4       0x2a HAL/DC_MOTOR/DC_MOTOR_program.o
                0x000000e4                CAR_MoveForward
 .text.CAR_MoveBackward
                0x0000010e       0x2a HAL/DC_MOTOR/DC_MOTOR_program.o
                0x0000010e                CAR_MoveBackward
 .text.CAR_Stop
                0x00000138       0x2a HAL/DC_MOTOR/DC_MOTOR_program.o
                0x00000138                CAR_Stop
 .text.CAR_MoveForwardRight
                0x00000162       0x2a HAL/DC_MOTOR/DC_MOTOR_program.o
                0x00000162                CAR_MoveForwardRight
 .text.CAR_MoveForwardleft
                0x0000018c       0x2a HAL/DC_MOTOR/DC_MOTOR_program.o
                0x0000018c                CAR_MoveForwardleft
 .text.CAR_SendDutyCycleAndStart
                0x000001b6       0x24 HAL/DC_MOTOR/DC_MOTOR_program.o
                0x000001b6                CAR_SendDutyCycleAndStart
 .text.LCD_sendCmnd
                0x000001da       0xcc HAL/LCD/LCD_program.o
                0x000001da                LCD_sendCmnd
 .text.LCD_init
                0x000002a6       0xe6 HAL/LCD/LCD_program.o
                0x000002a6                LCD_init
 .text.LCD_sendChar
                0x0000038c       0xcc HAL/LCD/LCD_program.o
                0x0000038c                LCD_sendChar
 .text.LCD_clear
                0x00000458       0x14 HAL/LCD/LCD_program.o
                0x00000458                LCD_clear
 .text.LCD_writeString
                0x0000046c       0x2c HAL/LCD/LCD_program.o
                0x0000046c                LCD_writeString
 .text.LCD_goToSpecificPosition
                0x00000498       0x2a HAL/LCD/LCD_program.o
                0x00000498                LCD_goToSpecificPosition
 .text.LCD_writeNumber
                0x000004c2       0xb8 HAL/LCD/LCD_program.o
                0x000004c2                LCD_writeNumber
 .text.SERVO_Init
                0x0000057a       0x10 HAL/SERVO/SERVO_program.o
                0x0000057a                SERVO_Init
 .text.SERVO_ON
                0x0000058a       0x26 HAL/SERVO/SERVO_program.o
                0x0000058a                SERVO_ON
 .text.ULTRASONIC_Init
                0x000005b0       0x30 HAL/ULTRASONIC/ULTRASONIC_program.o
                0x000005b0                ULTRASONIC_Init
 .text.Ultrasonic_Get_Distance
                0x000005e0       0x4c HAL/ULTRASONIC/ULTRASONIC_program.o
                0x000005e0                Ultrasonic_Get_Distance
 .text.__vector_2
                0x0000062c       0xf0 HAL/ULTRASONIC/ULTRASONIC_program.o
                0x0000062c                __vector_2
 .text.__vector_11
                0x0000071c       0x72 HAL/ULTRASONIC/ULTRASONIC_program.o
                0x0000071c                __vector_11
 .text.main     0x0000078e      0x218 main.o
                0x0000078e                main
 .text.DIO_setPinDirection
                0x000009a6       0xec MCAL/DIO/DIO_program.o
                0x000009a6                DIO_setPinDirection
 .text.DIO_setPinValue
                0x00000a92       0xec MCAL/DIO/DIO_program.o
                0x00000a92                DIO_setPinValue
 .text.EXTI_enable
                0x00000b7e       0xca MCAL/EXTI/EXTI_program.o
                0x00000b7e                EXTI_enable
 .text.__vector_1
                0x00000c48       0x52 MCAL/EXTI/EXTI_program.o
                0x00000c48                __vector_1
 .text.__vector_3
                0x00000c9a       0x52 MCAL/EXTI/EXTI_program.o
                0x00000c9a                __vector_3
 .text.GI_enable
                0x00000cec        0x8 MCAL/GI/GI_program.o
                0x00000cec                GI_enable
 .text.TMR0_init
                0x00000cf4       0x16 MCAL/TIMER/TIMER_0/TIMER0_program.o
                0x00000cf4                TMR0_init
 .text.TMR0_Start
                0x00000d0a       0x14 MCAL/TIMER/TIMER_0/TIMER0_program.o
                0x00000d0a                TMR0_Start
 .text.__vector_10
                0x00000d1e       0x7a MCAL/TIMER/TIMER_0/TIMER0_program.o
                0x00000d1e                __vector_10
 .text.TMR1_init
                0x00000d98       0x26 MCAL/TIMER/TIMER_1/TMR1_program.o
                0x00000d98                TMR1_init
 .text.TMR1_start
                0x00000dbe       0x14 MCAL/TIMER/TIMER_1/TMR1_program.o
                0x00000dbe                TMR1_start
 .text.TMR1_setFastPWM_usingMode14
                0x00000dd2       0x86 MCAL/TIMER/TIMER_1/TMR1_program.o
                0x00000dd2                TMR1_setFastPWM_usingMode14
 .text.__vector_9
                0x00000e58       0x6c MCAL/TIMER/TIMER_1/TMR1_program.o
                0x00000e58                __vector_9
 .text.__vector_7
                0x00000ec4       0x64 MCAL/TIMER/TIMER_1/TMR1_program.o
                0x00000ec4                __vector_7
 .text.TMR2_init
                0x00000f28       0x1a MCAL/TIMER/TIMER_2/TMR2_program.o
                0x00000f28                TMR2_init
 .text.TMR2_Start
                0x00000f42       0x14 MCAL/TIMER/TIMER_2/TMR2_program.o
                0x00000f42                TMR2_Start
 .text.TMR2_SetDutyCycleValue_FastPWM
                0x00000f56       0x30 MCAL/TIMER/TIMER_2/TMR2_program.o
                0x00000f56                TMR2_SetDutyCycleValue_FastPWM
 .text.__vector_5
                0x00000f86       0x76 MCAL/TIMER/TIMER_2/TMR2_program.o
                0x00000f86                __vector_5
 .text.__vector_4
                0x00000ffc       0x7a MCAL/TIMER/TIMER_2/TMR2_program.o
                0x00000ffc                __vector_4
 .text.avr-libc.fplib
                0x00001076        0xe c:/program files (x86)/atmel/studio/7.0/toolchain/avr8/avr8-gnu-toolchain/bin/../lib/gcc/avr/5.4.0/../../../../avr/lib/avr5\libm.a(addsf3.o)
                0x00001076                __subsf3
                0x00001078                __addsf3
 .text.avr-libc.fplib
                0x00001084       0xcc c:/program files (x86)/atmel/studio/7.0/toolchain/avr8/avr8-gnu-toolchain/bin/../lib/gcc/avr/5.4.0/../../../../avr/lib/avr5\libm.a(addsf3x.o)
                0x000010a6                __addsf3x
 .text.avr-libc.fplib
                0x00001150        0xa c:/program files (x86)/atmel/studio/7.0/toolchain/avr8/avr8-gnu-toolchain/bin/../lib/gcc/avr/5.4.0/../../../../avr/lib/avr5\libm.a(cmpsf2.o)
                0x00001150                __nesf2
                0x00001150                __eqsf2
                0x00001150                __cmpsf2
                0x00001150                __ltsf2
                0x00001150                __lesf2
 .text.avr-libc.fplib
                0x0000115a        0x8 c:/program files (x86)/atmel/studio/7.0/toolchain/avr8/avr8-gnu-toolchain/bin/../lib/gcc/avr/5.4.0/../../../../avr/lib/avr5\libm.a(divsf3.o)
                0x0000115a                __divsf3
 .text.avr-libc.fplib
                0x00001162       0xdc c:/program files (x86)/atmel/studio/7.0/toolchain/avr8/avr8-gnu-toolchain/bin/../lib/gcc/avr/5.4.0/../../../../avr/lib/avr5\libm.a(divsf3x.o)
                0x00001182                __divsf3x
                0x00001188                __divsf3_pse
 .text.avr-libc.fplib
                0x0000123e       0x5e c:/program files (x86)/atmel/studio/7.0/toolchain/avr8/avr8-gnu-toolchain/bin/../lib/gcc/avr/5.4.0/../../../../avr/lib/avr5\libm.a(fixunssfsi.o)
                0x0000123e                __fixunssfsi
 .text.avr-libc.fplib
                0x0000129c       0x7a c:/program files (x86)/atmel/studio/7.0/toolchain/avr8/avr8-gnu-toolchain/bin/../lib/gcc/avr/5.4.0/../../../../avr/lib/avr5\libm.a(floatsisf.o)
                0x0000129c                __floatunsisf
                0x000012a0                __floatsisf
 .text.avr-libc.fplib
                0x00001316       0x48 c:/program files (x86)/atmel/studio/7.0/toolchain/avr8/avr8-gnu-toolchain/bin/../lib/gcc/avr/5.4.0/../../../../avr/lib/avr5\libm.a(fp_cmp.o)
                0x00001316                __fp_cmp
 .text.avr-libc.fplib
                0x0000135e        0xc c:/program files (x86)/atmel/studio/7.0/toolchain/avr8/avr8-gnu-toolchain/bin/../lib/gcc/avr/5.4.0/../../../../avr/lib/avr5\libm.a(fp_inf.o)
                0x0000135e                __fp_inf
 .text.avr-libc.fplib
                0x0000136a        0x6 c:/program files (x86)/atmel/studio/7.0/toolchain/avr8/avr8-gnu-toolchain/bin/../lib/gcc/avr/5.4.0/../../../../avr/lib/avr5\libm.a(fp_nan.o)
                0x0000136a                __fp_nan
 .text.avr-libc.fplib
                0x00001370        0xe c:/program files (x86)/atmel/studio/7.0/toolchain/avr8/avr8-gnu-toolchain/bin/../lib/gcc/avr/5.4.0/../../../../avr/lib/avr5\libm.a(fp_pscA.o)
                0x00001370                __fp_pscA
 .text.avr-libc.fplib
                0x0000137e        0xe c:/program files (x86)/atmel/studio/7.0/toolchain/avr8/avr8-gnu-toolchain/bin/../lib/gcc/avr/5.4.0/../../../../avr/lib/avr5\libm.a(fp_pscB.o)
                0x0000137e                __fp_pscB
 .text.avr-libc.fplib
                0x0000138c       0x22 c:/program files (x86)/atmel/studio/7.0/toolchain/avr8/avr8-gnu-toolchain/bin/../lib/gcc/avr/5.4.0/../../../../avr/lib/avr5\libm.a(fp_round.o)
                0x0000138c                __fp_round
 .text.avr-libc.fplib
                0x000013ae       0x44 c:/program files (x86)/atmel/studio/7.0/toolchain/avr8/avr8-gnu-toolchain/bin/../lib/gcc/avr/5.4.0/../../../../avr/lib/avr5\libm.a(fp_split3.o)
                0x000013ae                __fp_split3
                0x000013be                __fp_splitA
 .text.avr-libc.fplib
                0x000013f2        0xe c:/program files (x86)/atmel/studio/7.0/toolchain/avr8/avr8-gnu-toolchain/bin/../lib/gcc/avr/5.4.0/../../../../avr/lib/avr5\libm.a(fp_zero.o)
                0x000013f2                __fp_zero
                0x000013f4                __fp_szero
 .text.avr-libc.fplib
                0x00001400        0xa c:/program files (x86)/atmel/studio/7.0/toolchain/avr8/avr8-gnu-toolchain/bin/../lib/gcc/avr/5.4.0/../../../../avr/lib/avr5\libm.a(gesf2.o)
                0x00001400                __gesf2
                0x00001400                __gtsf2
 .text.avr-libc.fplib
                0x0000140a        0x8 c:/program files (x86)/atmel/studio/7.0/toolchain/avr8/avr8-gnu-toolchain/bin/../lib/gcc/avr/5.4.0/../../../../avr/lib/avr5\libm.a(mulsf3.o)
                0x0000140a                __mulsf3
 .text.avr-libc.fplib
                0x00001412       0xd2 c:/program files (x86)/atmel/studio/7.0/toolchain/avr8/avr8-gnu-toolchain/bin/../lib/gcc/avr/5.4.0/../../../../avr/lib/avr5\libm.a(mulsf3x.o)
                0x00001430                __mulsf3x
                0x00001436                __mulsf3_pse
 .text.libgcc.div
                0x000014e4       0x44 c:/program files (x86)/atmel/studio/7.0/toolchain/avr8/avr8-gnu-toolchain/bin/../lib/gcc/avr/5.4.0/avr5\libgcc.a(_udivmodsi4.o)
                0x000014e4                __udivmodsi4
 .text.libgcc.mul
                0x00001528       0x16 c:/program files (x86)/atmel/studio/7.0/toolchain/avr8/avr8-gnu-toolchain/bin/../lib/gcc/avr/5.4.0/avr5\libgcc.a(_muluhisi3.o)
                0x00001528                __muluhisi3
 .text.libgcc.mul
                0x0000153e       0x1e c:/program files (x86)/atmel/studio/7.0/toolchain/avr8/avr8-gnu-toolchain/bin/../lib/gcc/avr/5.4.0/avr5\libgcc.a(_umulhisi3.o)
                0x0000153e                __umulhisi3
                0x0000155c                . = ALIGN (0x2)
 *(.fini9)
 .fini9         0x0000155c        0x0 c:/program files (x86)/atmel/studio/7.0/toolchain/avr8/avr8-gnu-toolchain/bin/../lib/gcc/avr/5.4.0/avr5\libgcc.a(_exit.o)
                0x0000155c                _exit
                0x0000155c                exit
 *(.fini9)
 *(.fini8)
 *(.fini8)
 *(.fini7)
 *(.fini7)
 *(.fini6)
 *(.fini6)
 *(.fini5)
 *(.fini5)
 *(.fini4)
 *(.fini4)
 *(.fini3)
 *(.fini3)
 *(.fini2)
 *(.fini2)
 *(.fini1)
 *(.fini1)
 *(.fini0)
 .fini0         0x0000155c        0x4 c:/program files (x86)/atmel/studio/7.0/toolchain/avr8/avr8-gnu-toolchain/bin/../lib/gcc/avr/5.4.0/avr5\libgcc.a(_exit.o)
 *(.fini0)
                0x00001560                _etext = .

.data           0x00800060       0x28 load address 0x00001560
                0x00800060                PROVIDE (__data_start, .)
 *(.data)
 *(.data*)
 *(.gnu.linkonce.d*)
 *(.rodata)
 *(.rodata*)
 .rodata.str1.1
                0x00800060       0x28 main.o
 *(.gnu.linkonce.r*)
                0x00800088                . = ALIGN (0x2)
                0x00800088                _edata = .
                0x00800088                PROVIDE (__data_end, .)

.bss            0x00800088       0x24
                0x00800088                PROVIDE (__bss_start, .)
 *(.bss)
 *(.bss*)
 .bss.timer_counter
                0x00800088        0x4 HAL/ULTRASONIC/ULTRASONIC_program.o
                0x00800088                timer_counter
 .bss.rising_edge
                0x0080008c        0x1 HAL/ULTRASONIC/ULTRASONIC_program.o
                0x0080008c                rising_edge
 .bss.sensor_working
                0x0080008d        0x1 HAL/ULTRASONIC/ULTRASONIC_program.o
                0x0080008d                sensor_working
 .bss.private_pCallBackINT2
                0x0080008e        0x2 MCAL/EXTI/EXTI_program.o
 .bss.private_pCallBackINT0
                0x00800090        0x2 MCAL/EXTI/EXTI_program.o
 .bss.CTC_Counter.1626
                0x00800092        0x2 MCAL/TIMER/TIMER_0/TIMER0_program.o
 .bss.Private_CTC_Counter
                0x00800094        0x2 MCAL/TIMER/TIMER_0/TIMER0_program.o
 .bss.PRIVATE_PtrCallBackCTC
                0x00800096        0x2 MCAL/TIMER/TIMER_0/TIMER0_program.o
 .bss.ctcCounter.1628
                0x00800098        0x1 MCAL/TIMER/TIMER_1/TMR1_program.o
 .bss.ovfCounter.1622
                0x00800099        0x1 MCAL/TIMER/TIMER_1/TMR1_program.o
 .bss.private_pCallBackCTC
                0x0080009a        0x2 MCAL/TIMER/TIMER_1/TMR1_program.o
 .bss.private_pCallBackOVF
                0x0080009c        0x2 MCAL/TIMER/TIMER_1/TMR1_program.o
 .bss.CTC_Counter.1634
                0x0080009e        0x2 MCAL/TIMER/TIMER_2/TMR2_program.o
 .bss.OverFlowCounter.1628
                0x008000a0        0x2 MCAL/TIMER/TIMER_2/TMR2_program.o
 .bss.Private_CTC_Counter
                0x008000a2        0x2 MCAL/TIMER/TIMER_2/TMR2_program.o
 .bss.PRIVATE_PtrCallBackCTC
                0x008000a4        0x2 MCAL/TIMER/TIMER_2/TMR2_program.o
 .bss.PRIVATE_PtrCallBackOverFlowFlag
                0x008000a6        0x2 MCAL/TIMER/TIMER_2/TMR2_program.o
 *(COMMON)
 COMMON         0x008000a8        0x4 HAL/ULTRASONIC/ULTRASONIC_program.o
                0x008000a8                distance
                0x008000ac                PROVIDE (__bss_end, .)
                0x00001560                __data_load_start = LOADADDR (.data)
                0x00001588                __data_load_end = (__data_load_start + SIZEOF (.data))

.noinit         0x008000ac        0x0
                [!provide]                PROVIDE (__noinit_start, .)
 *(.noinit*)
                [!provide]                PROVIDE (__noinit_end, .)
                0x008000ac                _end = .
                [!provide]                PROVIDE (__heap_start, .)

.eeprom         0x00810000        0x0
 *(.eeprom*)
                0x00810000                __eeprom_end = .

.fuse
 *(.fuse)
 *(.lfuse)
 *(.hfuse)
 *(.efuse)

.lock
 *(.lock*)

.signature
 *(.signature*)

.user_signatures
 *(.user_signatures*)

.stab
 *(.stab)

.stabstr
 *(.stabstr)

.stab.excl
 *(.stab.excl)

.stab.exclstr
 *(.stab.exclstr)

.stab.index
 *(.stab.index)

.stab.indexstr
 *(.stab.indexstr)

.comment        0x00000000       0x30
 *(.comment)
 .comment       0x00000000       0x30 HAL/DC_MOTOR/DC_MOTOR_program.o
                                 0x31 (size before relaxing)
 .comment       0x00000030       0x31 HAL/LCD/LCD_program.o
 .comment       0x00000030       0x31 HAL/SERVO/SERVO_program.o
 .comment       0x00000030       0x31 HAL/ULTRASONIC/ULTRASONIC_program.o
 .comment       0x00000030       0x31 main.o
 .comment       0x00000030       0x31 MCAL/DIO/DIO_program.o
 .comment       0x00000030       0x31 MCAL/EXTI/EXTI_program.o
 .comment       0x00000030       0x31 MCAL/GI/GI_program.o
 .comment       0x00000030       0x31 MCAL/TIMER/TIMER_0/TIMER0_program.o
 .comment       0x00000030       0x31 MCAL/TIMER/TIMER_1/TMR1_program.o
 .comment       0x00000030       0x31 MCAL/TIMER/TIMER_2/TMR2_program.o

.note.gnu.avr.deviceinfo
                0x00000000       0x3c
 .note.gnu.avr.deviceinfo
                0x00000000       0x3c C:/Program Files (x86)/Atmel/Studio/7.0/Packs/atmel/ATmega_DFP/1.7.374/gcc/dev/atmega32/avr5/crtatmega32.o

.note.gnu.build-id
 *(.note.gnu.build-id)

.debug
 *(.debug)

.line
 *(.line)

.debug_srcinfo
 *(.debug_srcinfo)

.debug_sfnames
 *(.debug_sfnames)

.debug_aranges  0x00000000      0x310
 *(.debug_aranges)
 .debug_aranges
                0x00000000       0x60 HAL/DC_MOTOR/DC_MOTOR_program.o
 .debug_aranges
                0x00000060       0x58 HAL/LCD/LCD_program.o
 .debug_aranges
                0x000000b8       0x30 HAL/SERVO/SERVO_program.o
 .debug_aranges
                0x000000e8       0x38 HAL/ULTRASONIC/ULTRASONIC_program.o
 .debug_aranges
                0x00000120       0x20 main.o
 .debug_aranges
                0x00000140       0x40 MCAL/DIO/DIO_program.o
 .debug_aranges
                0x00000180       0x50 MCAL/EXTI/EXTI_program.o
 .debug_aranges
                0x000001d0       0x28 MCAL/GI/GI_program.o
 .debug_aranges
                0x000001f8       0x58 MCAL/TIMER/TIMER_0/TIMER0_program.o
 .debug_aranges
                0x00000250       0x58 MCAL/TIMER/TIMER_1/TMR1_program.o
 .debug_aranges
                0x000002a8       0x68 MCAL/TIMER/TIMER_2/TMR2_program.o

.debug_pubnames
 *(.debug_pubnames)

.debug_info     0x00000000     0x2cd9
 *(.debug_info .gnu.linkonce.wi.*)
 .debug_info    0x00000000      0x4e6 C:/Program Files (x86)/Atmel/Studio/7.0/Packs/atmel/ATmega_DFP/1.7.374/gcc/dev/atmega32/avr5/crtatmega32.o
 .debug_info    0x000004e6      0x5e2 HAL/DC_MOTOR/DC_MOTOR_program.o
 .debug_info    0x00000ac8      0xbaa HAL/LCD/LCD_program.o
 .debug_info    0x00001672      0x183 HAL/SERVO/SERVO_program.o
 .debug_info    0x000017f5      0x34f HAL/ULTRASONIC/ULTRASONIC_program.o
 .debug_info    0x00001b44      0x746 main.o
 .debug_info    0x0000228a      0x1ae MCAL/DIO/DIO_program.o
 .debug_info    0x00002438      0x1ca MCAL/EXTI/EXTI_program.o
 .debug_info    0x00002602       0xad MCAL/GI/GI_program.o
 .debug_info    0x000026af      0x1f0 MCAL/TIMER/TIMER_0/TIMER0_program.o
 .debug_info    0x0000289f      0x1ee MCAL/TIMER/TIMER_1/TMR1_program.o
 .debug_info    0x00002a8d      0x24c MCAL/TIMER/TIMER_2/TMR2_program.o

.debug_abbrev   0x00000000      0xe6f
 *(.debug_abbrev)
 .debug_abbrev  0x00000000      0x4a3 C:/Program Files (x86)/Atmel/Studio/7.0/Packs/atmel/ATmega_DFP/1.7.374/gcc/dev/atmega32/avr5/crtatmega32.o
 .debug_abbrev  0x000004a3       0xbb HAL/DC_MOTOR/DC_MOTOR_program.o
 .debug_abbrev  0x0000055e      0x18a HAL/LCD/LCD_program.o
 .debug_abbrev  0x000006e8       0xb6 HAL/SERVO/SERVO_program.o
 .debug_abbrev  0x0000079e      0x1ab HAL/ULTRASONIC/ULTRASONIC_program.o
 .debug_abbrev  0x00000949      0x128 main.o
 .debug_abbrev  0x00000a71       0x9a MCAL/DIO/DIO_program.o
 .debug_abbrev  0x00000b0b       0xaa MCAL/EXTI/EXTI_program.o
 .debug_abbrev  0x00000bb5       0x46 MCAL/GI/GI_program.o
 .debug_abbrev  0x00000bfb       0xe5 MCAL/TIMER/TIMER_0/TIMER0_program.o
 .debug_abbrev  0x00000ce0       0xb7 MCAL/TIMER/TIMER_1/TMR1_program.o
 .debug_abbrev  0x00000d97       0xd8 MCAL/TIMER/TIMER_2/TMR2_program.o

.debug_line     0x00000000     0x18df
 *(.debug_line .debug_line.* .debug_line_end)
 .debug_line    0x00000000      0x116 C:/Program Files (x86)/Atmel/Studio/7.0/Packs/atmel/ATmega_DFP/1.7.374/gcc/dev/atmega32/avr5/crtatmega32.o
 .debug_line    0x00000116      0x265 HAL/DC_MOTOR/DC_MOTOR_program.o
 .debug_line    0x0000037b      0x424 HAL/LCD/LCD_program.o
 .debug_line    0x0000079f      0x11e HAL/SERVO/SERVO_program.o
 .debug_line    0x000008bd      0x2e4 HAL/ULTRASONIC/ULTRASONIC_program.o
 .debug_line    0x00000ba1      0x35c main.o
 .debug_line    0x00000efd      0x245 MCAL/DIO/DIO_program.o
 .debug_line    0x00001142      0x202 MCAL/EXTI/EXTI_program.o
 .debug_line    0x00001344       0x86 MCAL/GI/GI_program.o
 .debug_line    0x000013ca      0x17b MCAL/TIMER/TIMER_0/TIMER0_program.o
 .debug_line    0x00001545      0x1c2 MCAL/TIMER/TIMER_1/TMR1_program.o
 .debug_line    0x00001707      0x1d8 MCAL/TIMER/TIMER_2/TMR2_program.o

.debug_frame    0x00000000      0x7d4
 *(.debug_frame)
 .debug_frame   0x00000000       0xac HAL/DC_MOTOR/DC_MOTOR_program.o
 .debug_frame   0x000000ac       0xd4 HAL/LCD/LCD_program.o
 .debug_frame   0x00000180       0x44 HAL/SERVO/SERVO_program.o
 .debug_frame   0x000001c4       0xcc HAL/ULTRASONIC/ULTRASONIC_program.o
 .debug_frame   0x00000290       0x34 main.o
 .debug_frame   0x000002c4       0x64 MCAL/DIO/DIO_program.o
 .debug_frame   0x00000328      0x114 MCAL/EXTI/EXTI_program.o
 .debug_frame   0x0000043c       0x34 MCAL/GI/GI_program.o
 .debug_frame   0x00000470       0xdc MCAL/TIMER/TIMER_0/TIMER0_program.o
 .debug_frame   0x0000054c      0x144 MCAL/TIMER/TIMER_1/TMR1_program.o
 .debug_frame   0x00000690      0x144 MCAL/TIMER/TIMER_2/TMR2_program.o

.debug_str      0x00000000      0xb70
 *(.debug_str)
 .debug_str     0x00000000      0x196 C:/Program Files (x86)/Atmel/Studio/7.0/Packs/atmel/ATmega_DFP/1.7.374/gcc/dev/atmega32/avr5/crtatmega32.o
 .debug_str     0x00000196      0x29f HAL/DC_MOTOR/DC_MOTOR_program.o
                                0x2da (size before relaxing)
 .debug_str     0x00000435      0x11e HAL/LCD/LCD_program.o
                                0x308 (size before relaxing)
 .debug_str     0x00000553       0x86 HAL/SERVO/SERVO_program.o
                                0x242 (size before relaxing)
 .debug_str     0x000005d9       0xc7 HAL/ULTRASONIC/ULTRASONIC_program.o
                                0x2f3 (size before relaxing)
 .debug_str     0x000006a0       0x64 main.o
                                0x382 (size before relaxing)
 .debug_str     0x00000704       0x6a MCAL/DIO/DIO_program.o
                                0x24c (size before relaxing)
 .debug_str     0x0000076e       0xee MCAL/EXTI/EXTI_program.o
                                0x2a2 (size before relaxing)
 .debug_str     0x0000085c       0x89 MCAL/GI/GI_program.o
                                0x1ce (size before relaxing)
 .debug_str     0x000008e5      0x111 MCAL/TIMER/TIMER_0/TIMER0_program.o
                                0x2e4 (size before relaxing)
 .debug_str     0x000009f6       0xba MCAL/TIMER/TIMER_1/TMR1_program.o
                                0x2a6 (size before relaxing)
 .debug_str     0x00000ab0       0xc0 MCAL/TIMER/TIMER_2/TMR2_program.o
                                0x310 (size before relaxing)

.debug_loc      0x00000000     0x178b
 *(.debug_loc)
 .debug_loc     0x00000000       0x4e HAL/DC_MOTOR/DC_MOTOR_program.o
 .debug_loc     0x0000004e      0x6c5 HAL/LCD/LCD_program.o
 .debug_loc     0x00000713       0x4c HAL/SERVO/SERVO_program.o
 .debug_loc     0x0000075f      0x22d HAL/ULTRASONIC/ULTRASONIC_program.o
 .debug_loc     0x0000098c      0x287 main.o
 .debug_loc     0x00000c13      0x32f MCAL/DIO/DIO_program.o
 .debug_loc     0x00000f42      0x2eb MCAL/EXTI/EXTI_program.o
 .debug_loc     0x0000122d       0xf9 MCAL/TIMER/TIMER_0/TIMER0_program.o
 .debug_loc     0x00001326      0x273 MCAL/TIMER/TIMER_1/TMR1_program.o
 .debug_loc     0x00001599      0x1f2 MCAL/TIMER/TIMER_2/TMR2_program.o

.debug_macinfo
 *(.debug_macinfo)

.debug_weaknames
 *(.debug_weaknames)

.debug_funcnames
 *(.debug_funcnames)

.debug_typenames
 *(.debug_typenames)

.debug_varnames
 *(.debug_varnames)

.debug_pubtypes
 *(.debug_pubtypes)

.debug_ranges   0x00000000      0x278
 *(.debug_ranges)
 .debug_ranges  0x00000000       0x50 HAL/DC_MOTOR/DC_MOTOR_program.o
 .debug_ranges  0x00000050       0x60 HAL/LCD/LCD_program.o
 .debug_ranges  0x000000b0       0x20 HAL/SERVO/SERVO_program.o
 .debug_ranges  0x000000d0       0x28 HAL/ULTRASONIC/ULTRASONIC_program.o
 .debug_ranges  0x000000f8       0x10 main.o
 .debug_ranges  0x00000108       0x30 MCAL/DIO/DIO_program.o
 .debug_ranges  0x00000138       0x40 MCAL/EXTI/EXTI_program.o
 .debug_ranges  0x00000178       0x18 MCAL/GI/GI_program.o
 .debug_ranges  0x00000190       0x48 MCAL/TIMER/TIMER_0/TIMER0_program.o
 .debug_ranges  0x000001d8       0x48 MCAL/TIMER/TIMER_1/TMR1_program.o
 .debug_ranges  0x00000220       0x58 MCAL/TIMER/TIMER_2/TMR2_program.o

.debug_macro
 *(.debug_macro)
OUTPUT(Obstacle_Avoiding_Car.elf elf32-avr)
LOAD linker stubs
